========================================================================
MÉTRICAS FINALES — Run 5 Híbrido core + emergente
  kg.json: 6095 nodos, 5764 edges
========================================================================

LENTE 1 — Distribución de tipos de nodo (protocolo §d.3)
------------------------------------------------------------------------
  Total CORE: 4009 (65.8%)
  Total EMERGENT: 2086 (34.2%)

  [CORE] Restriccion                     2671  (43.8%)
         Concepto                        1417  (23.2%)
  [CORE] Operacion                        921  (15.1%)
  [CORE] Excepcion                        294  (4.8%)
         Documento                        240  (3.9%)
         InstrumentoFinanciero            210  (3.4%)
  [CORE] EntidadFinanciera                123  (2.0%)
         RegimenInformativo                82  (1.3%)
         Autoridad                         64  (1.1%)
         Plazo                             26  (0.4%)
         ConceptoContable                  20  (0.3%)
         Moneda                             6  (0.1%)
         Sancion                            5  (0.1%)
         NormaSuprior                       4  (0.1%)
         InstrumentoLegal                   3  (0.0%)
         RegimenNormativo                   3  (0.0%)
         ConceptoInformativo                3  (0.0%)
         SistemaOperativo                   1  (0.0%)
         NormaExterna                       1  (0.0%)
         CuentaBancaria                     1  (0.0%)
  Tipos únicos de entidad: 20

LENTE 2 — Distribución de predicados (protocolo §d.4)
------------------------------------------------------------------------
  Total edges CORE: 2999 (52.0%)
  Total edges EMERGENT: 2765 (48.0%)
  Predicados únicos: 511
  Top 20:
    [CORE] aplica_a                        1506  (26.1%)
    [CORE] recae_sobre                      781  (13.5%)
    [CORE] realiza                          324  (5.6%)
           comprende                        316  (5.5%)
    [CORE] excepciona_a                     316  (5.5%)
           requiere                         252  (4.4%)
           regula                           124  (2.2%)
           integra                          106  (1.8%)
    [CORE] exime_a                           72  (1.2%)
           define                            69  (1.2%)
           incluye                           69  (1.2%)
           especifica                        61  (1.1%)
           utiliza                           59  (1.0%)
           autoriza                          48  (0.8%)
           condiciona                        47  (0.8%)
           modifica                          45  (0.8%)
           referencia                        38  (0.7%)
           refiere_a                         35  (0.6%)
           clasifica                         33  (0.6%)
           informa_a                         31  (0.5%)

LENTE 3 — Densidad del grafo (protocolo §d.5)
------------------------------------------------------------------------
  edges / nodes = 5764 / 6095 = 0.946

LENTE 4 — Cobertura por TO (protocolo §d.8)
------------------------------------------------------------------------
  TO_capitales_minimos_actual.pdf                          nodos=2159  edges=1826
  TO_clasificacion_deudores_actual.pdf                     nodos= 601  edges= 548
  TO_exterior_cambios_actual.pdf                           nodos=2319  edges=2340
  TO_proteccion_usuarios_servicios_financieros_actual.pdf  nodos= 426  edges= 504
  TO_regimen_informativo_contable_mensual_actual.pdf       nodos= 590  edges= 546

LENTE 5 — Fragmentación del grafo
------------------------------------------------------------------------
  Total nodos: 6095
  Huérfanos (sin edges): 822 (13.5%)
  Componentes no triviales: 325
  Componentes totales (no triv + huérfanos): 1147
  Componente más grande: 3819 nodos (62.7% del grafo)
  Top 10 tamaños: [3819, 28, 26, 26, 23, 20, 19, 18, 16, 15]
  Huérfanos por tipo:
           Concepto                  319
    [CORE] Restriccion               235
    [CORE] Operacion                 116
           Documento                 73
           InstrumentoFinanciero     34
           ConceptoContable          15
    [CORE] EntidadFinanciera         10
           Autoridad                 9
           InstrumentoLegal          3
           Plazo                     3

LENTE 6 — EntidadFinanciera por categoria
------------------------------------------------------------------------
  Total EntidadFinanciera: 123
    otra                                     94
    fideicomiso_financiero                   6
    banco_comercial                          5
    casa_cambio                              5
    proveedor_no_financiero_credito          4
    agencia_cambio                           3
    caja_credito                             2
    banco_inversion                          2
    compania_financiera                      1
    sgr                                      1

LENTE 7 — Análisis post-hoc de predicados (canonicalización)
------------------------------------------------------------------------
  Predicados únicos crudos: 511
  Predicados únicos post-normalización (lowercase + sin acentos): 510
  Predicados únicos post-plural-canonical: 509
  Ratio predicados/edges crudo: 0.089
  Ratio predicados/edges post-canonicalización: 0.088

  Grupos de case/acentos no canónicos (top 10):
    'evalua'  ←  ['evalua', 'evalúa']

  Grupos por singular/plural (top 10):
    canónico='referencia'  ←  ['referencia', 'referencias']

  Predicados con morfología sospechosa (infinitivo o sufijo _por): 48
    ajusta_por                     (×1)
    asignado_por                   (×1)
    calcula_por                    (×2)
    canaliza_por                   (×1)
    clasifica_por                  (×1)
    debe_adoptar                   (×1)
    debe_cumplir                   (×10)
    debe_elaborar                  (×1)
    debe_garantizar                (×4)
    debe_presentar                 (×1)
    debe_proporcionar              (×2)
    determina_por                  (×2)
    diferencia_por                 (×5)
    emitida_por                    (×1)
    es_otorgada_por                (×4)

