[chunking] 5 PDFs
  TO_capitales_minimos_actual.pdf: 172 chunks
  TO_clasificacion_deudores_actual.pdf: 62 chunks
  TO_exterior_cambios_actual.pdf: 192 chunks
  TO_proteccion_usuarios_servicios_financieros_actual.pdf: 48 chunks
  TO_regimen_informativo_contable_mensual_actual.pdf: 54 chunks
[chunking] total chunks: 528
[start] total=528  cached=48  pending=480
[53/528  10.0%]  cost=$0.000  rate=322432.1/min  429s=0  fails=0  eta=0min  elapsed=0.0min
[58/528  11.0%]  cost=$0.000  rate=1066348.5/min  429s=0  fails=0  eta=0min  elapsed=0.0min
[63/528  11.9%]  cost=$0.000  rate=729444.2/min  429s=0  fails=0  eta=0min  elapsed=0.0min
[68/528  12.9%]  cost=$0.000  rate=883011.4/min  429s=0  fails=0  eta=0min  elapsed=0.0min
[73/528  13.8%]  cost=$0.000  rate=1089429.6/min  429s=0  fails=0  eta=0min  elapsed=0.0min
[78/528  14.8%]  cost=$0.000  rate=1072026.6/min  429s=0  fails=0  eta=0min  elapsed=0.0min
[83/528  15.7%]  cost=$0.000  rate=1778503.5/min  429s=0  fails=0  eta=0min  elapsed=0.0min
[88/528  16.7%]  cost=$0.000  rate=1555846.9/min  429s=0  fails=0  eta=0min  elapsed=0.0min
[93/528  17.6%]  cost=$0.000  rate=1860689.4/min  429s=0  fails=0  eta=0min  elapsed=0.0min
[98/528  18.6%]  cost=$0.017  rate=38.5/min  429s=0  fails=0  eta=11min  elapsed=0.1min
[103/528  19.5%]  cost=$0.080  rate=14.1/min  429s=0  fails=0  eta=30min  elapsed=0.4min
[108/528  20.5%]  cost=$0.134  rate=16.3/min  429s=0  fails=0  eta=26min  elapsed=0.6min
[113/528  21.4%]  cost=$0.212  rate=17.5/min  429s=0  fails=0  eta=24min  elapsed=0.9min
[118/528  22.3%]  cost=$0.284  rate=13.9/min  429s=0  fails=0  eta=30min  elapsed=1.3min
[123/528  23.3%]  cost=$0.384  rate=14.8/min  429s=0  fails=0  eta=27min  elapsed=1.7min
[128/528  24.2%]  cost=$0.487  rate=10.5/min  429s=0  fails=0  eta=38min  elapsed=2.3min
[133/528  25.2%]  cost=$0.593  rate=6.9/min  429s=0  fails=0  eta=57min  elapsed=2.9min
[138/528  26.1%]  cost=$0.694  rate=12.3/min  429s=0  fails=0  eta=32min  elapsed=3.2min
[143/528  27.1%]  cost=$0.788  rate=8.6/min  429s=0  fails=0  eta=45min  elapsed=3.8min
[148/528  28.0%]  cost=$0.866  rate=12.4/min  429s=0  fails=0  eta=31min  elapsed=4.1min
[153/528  29.0%]  cost=$0.953  rate=12.8/min  429s=0  fails=0  eta=29min  elapsed=4.4min
[158/528  29.9%]  cost=$1.034  rate=13.4/min  429s=0  fails=0  eta=28min  elapsed=4.8min
[163/528  30.9%]  cost=$1.132  rate=7.9/min  429s=0  fails=0  eta=46min  elapsed=5.5min
[168/528  31.8%]  cost=$1.244  rate=18.0/min  429s=0  fails=0  eta=20min  elapsed=5.8min
[173/528  32.8%]  cost=$1.321  rate=12.3/min  429s=0  fails=0  eta=29min  elapsed=6.2min
[178/528  33.7%]  cost=$1.414  rate=11.8/min  429s=0  fails=0  eta=30min  elapsed=6.6min
[183/528  34.7%]  cost=$1.475  rate=17.5/min  429s=0  fails=0  eta=20min  elapsed=6.9min
[188/528  35.6%]  cost=$1.530  rate=34.6/min  429s=0  fails=0  eta=10min  elapsed=7.1min
[193/528  36.6%]  cost=$1.579  rate=27.5/min  429s=0  fails=0  eta=12min  elapsed=7.3min
[198/528  37.5%]  cost=$1.618  rate=27.2/min  429s=0  fails=0  eta=12min  elapsed=7.5min
[203/528  38.4%]  cost=$1.658  rate=25.1/min  429s=0  fails=0  eta=13min  elapsed=7.6min
[208/528  39.4%]  cost=$1.738  rate=16.2/min  429s=0  fails=0  eta=20min  elapsed=8.0min
[213/528  40.3%]  cost=$1.794  rate=17.4/min  429s=0  fails=0  eta=18min  elapsed=8.2min
[218/528  41.3%]  cost=$1.903  rate=10.8/min  429s=0  fails=0  eta=29min  elapsed=8.8min
[223/528  42.2%]  cost=$1.983  rate=13.8/min  429s=0  fails=0  eta=22min  elapsed=9.1min
[228/528  43.2%]  cost=$2.047  rate=22.2/min  429s=0  fails=0  eta=14min  elapsed=9.4min
[233/528  44.1%]  cost=$2.112  rate=18.6/min  429s=0  fails=0  eta=16min  elapsed=9.6min
[238/528  45.1%]  cost=$2.141  rate=38.5/min  429s=0  fails=0  eta=8min  elapsed=9.7min
[243/528  46.0%]  cost=$2.162  rate=112.8/min  429s=0  fails=0  eta=3min  elapsed=9.8min
[248/528  47.0%]  cost=$2.192  rate=82.3/min  429s=0  fails=0  eta=3min  elapsed=9.8min
[253/528  47.9%]  cost=$2.211  rate=78.1/min  429s=0  fails=0  eta=4min  elapsed=9.9min
[258/528  48.9%]  cost=$2.249  rate=30.1/min  429s=0  fails=0  eta=9min  elapsed=10.1min
[263/528  49.8%]  cost=$2.334  rate=13.1/min  429s=0  fails=0  eta=20min  elapsed=10.5min
[268/528  50.8%]  cost=$2.423  rate=13.6/min  429s=0  fails=0  eta=19min  elapsed=10.8min
[273/528  51.7%]  cost=$2.479  rate=21.5/min  429s=0  fails=0  eta=12min  elapsed=11.0min
[278/528  52.7%]  cost=$2.562  rate=12.6/min  429s=0  fails=0  eta=20min  elapsed=11.4min
[283/528  53.6%]  cost=$2.615  rate=20.0/min  429s=0  fails=0  eta=12min  elapsed=11.6min
[288/528  54.5%]  cost=$2.674  rate=14.1/min  429s=0  fails=0  eta=17min  elapsed=11.9min
[293/528  55.5%]  cost=$2.746  rate=11.9/min  429s=0  fails=0  eta=20min  elapsed=12.2min
[298/528  56.4%]  cost=$2.833  rate=10.9/min  429s=0  fails=0  eta=21min  elapsed=12.7min
[303/528  57.4%]  cost=$2.926  rate=11.7/min  429s=0  fails=0  eta=19min  elapsed=13.1min
[308/528  58.3%]  cost=$2.974  rate=24.7/min  429s=0  fails=0  eta=9min  elapsed=13.3min
[313/528  59.3%]  cost=$3.019  rate=34.2/min  429s=0  fails=0  eta=6min  elapsed=13.4min
[318/528  60.2%]  cost=$3.052  rate=54.2/min  429s=0  fails=0  eta=4min  elapsed=13.5min
[323/528  61.2%]  cost=$3.077  rate=128.5/min  429s=0  fails=0  eta=2min  elapsed=13.5min
[328/528  62.1%]  cost=$3.158  rate=9.9/min  429s=0  fails=0  eta=20min  elapsed=13.9min
[333/528  63.1%]  cost=$3.213  rate=29.9/min  429s=0  fails=0  eta=7min  elapsed=14.1min
[338/528  64.0%]  cost=$3.259  rate=33.9/min  429s=0  fails=0  eta=6min  elapsed=14.3min
[343/528  65.0%]  cost=$3.299  rate=31.4/min  429s=0  fails=0  eta=6min  elapsed=14.5min
[348/528  65.9%]  cost=$3.347  rate=21.0/min  429s=0  fails=0  eta=9min  elapsed=14.7min
[353/528  66.9%]  cost=$3.419  rate=15.7/min  429s=0  fails=0  eta=11min  elapsed=15.0min
[358/528  67.8%]  cost=$3.484  rate=21.0/min  429s=0  fails=0  eta=8min  elapsed=15.3min
[363/528  68.8%]  cost=$3.542  rate=20.0/min  429s=0  fails=0  eta=8min  elapsed=15.6min
[368/528  69.7%]  cost=$3.654  rate=10.5/min  429s=0  fails=0  eta=15min  elapsed=16.1min
[373/528  70.6%]  cost=$3.733  rate=17.3/min  429s=0  fails=0  eta=9min  elapsed=16.4min
[378/528  71.6%]  cost=$3.803  rate=12.3/min  429s=0  fails=0  eta=12min  elapsed=16.7min
[383/528  72.5%]  cost=$3.906  rate=10.6/min  429s=0  fails=0  eta=14min  elapsed=17.2min
[388/528  73.5%]  cost=$3.993  rate=13.7/min  429s=0  fails=0  eta=10min  elapsed=17.7min
[393/528  74.4%]  cost=$4.082  rate=12.5/min  429s=0  fails=0  eta=11min  elapsed=18.0min
[398/528  75.4%]  cost=$4.165  rate=9.9/min  429s=0  fails=0  eta=13min  elapsed=18.4min
[403/528  76.3%]  cost=$4.245  rate=30.7/min  429s=0  fails=0  eta=4min  elapsed=18.7min
[408/528  77.3%]  cost=$4.311  rate=15.2/min  429s=0  fails=0  eta=8min  elapsed=19.0min
[413/528  78.2%]  cost=$4.360  rate=29.0/min  429s=0  fails=0  eta=4min  elapsed=19.2min
[418/528  79.2%]  cost=$4.408  rate=22.5/min  429s=0  fails=0  eta=5min  elapsed=19.4min
[423/528  80.1%]  cost=$4.457  rate=28.0/min  429s=0  fails=0  eta=4min  elapsed=19.6min
[428/528  81.1%]  cost=$4.527  rate=11.5/min  429s=0  fails=0  eta=9min  elapsed=19.9min
[433/528  82.0%]  cost=$4.604  rate=10.3/min  429s=0  fails=0  eta=9min  elapsed=20.3min
[438/528  83.0%]  cost=$4.686  rate=12.8/min  429s=0  fails=0  eta=7min  elapsed=20.6min
[443/528  83.9%]  cost=$4.781  rate=9.3/min  429s=0  fails=0  eta=9min  elapsed=21.1min
[448/528  84.8%]  cost=$4.870  rate=16.7/min  429s=0  fails=0  eta=5min  elapsed=21.5min
[453/528  85.8%]  cost=$4.944  rate=13.3/min  429s=0  fails=0  eta=6min  elapsed=21.9min
[458/528  86.7%]  cost=$5.039  rate=18.4/min  429s=0  fails=0  eta=4min  elapsed=22.3min
[463/528  87.7%]  cost=$5.135  rate=14.6/min  429s=0  fails=0  eta=4min  elapsed=22.7min
[468/528  88.6%]  cost=$5.193  rate=17.8/min  429s=0  fails=0  eta=3min  elapsed=23.0min
[473/528  89.6%]  cost=$5.306  rate=7.3/min  429s=0  fails=0  eta=8min  elapsed=23.6min
[478/528  90.5%]  cost=$5.406  rate=13.5/min  429s=0  fails=0  eta=4min  elapsed=23.9min
[483/528  91.5%]  cost=$5.499  rate=8.8/min  429s=0  fails=0  eta=5min  elapsed=24.5min
[488/528  92.4%]  cost=$5.614  rate=10.0/min  429s=0  fails=0  eta=4min  elapsed=24.9min
[493/528  93.4%]  cost=$5.709  rate=8.5/min  429s=0  fails=0  eta=4min  elapsed=25.4min
[498/528  94.3%]  cost=$5.799  rate=11.2/min  429s=0  fails=0  eta=3min  elapsed=25.8min
[503/528  95.3%]  cost=$5.879  rate=14.2/min  429s=0  fails=0  eta=2min  elapsed=26.1min
[508/528  96.2%]  cost=$5.931  rate=106.4/min  429s=0  fails=0  eta=0min  elapsed=26.3min
[513/528  97.2%]  cost=$5.951  rate=154.2/min  429s=0  fails=0  eta=0min  elapsed=26.3min
[518/528  98.1%]  cost=$5.970  rate=186.9/min  429s=0  fails=0  eta=0min  elapsed=26.3min
[523/528  99.1%]  cost=$6.029  rate=18.0/min  429s=0  fails=0  eta=0min  elapsed=26.6min
[528/528  100.0%]  cost=$6.087  rate=19.8/min  429s=0  fails=0  eta=0min  elapsed=26.8min
[533/528  100.9%]  cost=$6.167  rate=12.4/min  429s=0  fails=0  eta=-0min  elapsed=27.2min
[538/528  101.9%]  cost=$6.247  rate=14.4/min  429s=0  fails=0  eta=-1min  elapsed=27.5min
[543/528  102.8%]  cost=$6.308  rate=19.4/min  429s=0  fails=0  eta=-1min  elapsed=27.8min
[548/528  103.8%]  cost=$6.365  rate=27.6/min  429s=0  fails=0  eta=-1min  elapsed=27.9min
[553/528  104.7%]  cost=$6.445  rate=11.2/min  429s=0  fails=0  eta=-2min  elapsed=28.4min
[558/528  105.7%]  cost=$6.517  rate=33.7/min  429s=0  fails=0  eta=-1min  elapsed=28.6min
[563/528  106.6%]  cost=$6.590  rate=15.0/min  429s=0  fails=0  eta=-2min  elapsed=28.9min
[568/528  107.6%]  cost=$6.673  rate=15.1/min  429s=0  fails=0  eta=-3min  elapsed=29.2min
[573/528  108.5%]  cost=$6.726  rate=32.4/min  429s=0  fails=0  eta=-1min  elapsed=29.4min

[done] 576/528  cost=$6.7501  (in=$2.0421  out=$4.7080)  429s=0  fails=0  elapsed=29.5min
