Parejas sospechosas reproducidas: 1391

========================================================================
Lente 5 cuantificada — clasificación de parejas sospechosas
========================================================================

  categoría                         parejas       %
  substring_strict                      902   64.8%
  norm_equivalent                        28    2.0%
  ambiguous                             461   33.1%
  TOTAL                                1391

  desglose interno de norm_equivalent:
    norm_eq_paren                        19
    norm_eq_abbrev                        0
    norm_eq_plural                        9

  Por tipo de nodo:
  tipo                           strict  norm_eq    ambig    total
         Concepto                   459       22      321      802
  [CORE] Operacion                  170        0       80      250
  [CORE] Restriccion                177        3       24      204
         InstrumentoFinanciero       34        0       21       55
  [CORE] EntidadFinanciera           43        0       10       53
         Autoridad                    5        3        2       10
         RegimenInformativo           6        0        0        6
         Documento                    4        0        2        6
         Plazo                        2        0        1        3
  [CORE] Excepcion                    2        0        0        2

========================================================================
Ejemplos por categoría
========================================================================

[substring_strict]
  [Concepto]  'Capitales mínimos de entidades financieras'  ↔  'Entidades financieras'
  [Restriccion]  'Capital mínimo'  ↔  'Capital mínimo por riesgo de crédito'
  [Restriccion]  'Capital mínimo'  ↔  'Capital mínimo por riesgo de mercado'
  [Restriccion]  'Capital mínimo'  ↔  'Capital mínimo por riesgo de tipo de cambio'
  [Restriccion]  'Capital mínimo'  ↔  'Capital mínimo por riesgo operacional'

[norm_eq_paren]
  [Autoridad]  'Superintendencia de Entidades Financieras y Cambiarias'  ↔  'Superintendencia de Entidades Financieras y Cambiarias (SEFyC)'
  [Autoridad]  'Banco Central de la República Argentina'  ↔  'Banco Central de la República Argentina (BCRA)'
  [Concepto]  'Factor de conversión crediticia'  ↔  'Factor de conversión crediticia (CCF)'
  [Concepto]  'Exposición'  ↔  'Exposición (EAD)'
  [Concepto]  'Entidad de contraparte central (CCP)'  ↔  'Entidad de contraparte central'

[norm_eq_abbrev]

[norm_eq_plural]
  [Concepto]  'Contrapartes'  ↔  'Contraparte'
  [Concepto]  'Mipyme'  ↔  'MiPyMEs'
  [Concepto]  'Cliente'  ↔  'Clientes'
  [Restriccion]  'Capital mínimo sección 4.2.1'  ↔  'Capital mínimo sección 4.2.1.1'
  [Restriccion]  'Capital mínimo sección 4.2.1'  ↔  'Capital mínimo sección 4.2.1.2'

[ambiguous]
  [Restriccion]  'Capital mínimo'  ↔  'Cumplimiento del capital mínimo exigido'
  [Restriccion]  'Capital mínimo'  ↔  'Exigencia de capital mínimo según factor k'
  [Restriccion]  'Capital mínimo'  ↔  'Exigencia capital mínimo nuevas entidades'
  [Concepto]  'Riesgo de crédito'  ↔  'Exposición de riesgo de crédito (CR)'
  [Concepto]  'Riesgo de crédito'  ↔  'Exposición riesgo de crédito contraparte'
